// Vitest Snapshot v1, https://vitest.dev/guide/snapshot.html

exports[`Excel xuất khách — REGRESSION LOCK (semantic snapshot) > giữ NGUYÊN output: clf 1`] = `
{
  "clf": "f99f8d72400eeb32",
}
`;

exports[`Excel xuất khách — REGRESSION LOCK (semantic snapshot) > giữ NGUYÊN output: discount 1`] = `
{
  "discount": "1aa351ea1253df41",
}
`;

exports[`Excel xuất khách — REGRESSION LOCK (semantic snapshot) > giữ NGUYÊN output: gn-nodate-simple 1`] = `
{
  "gn-nodate-simple": "a0df9a74d0b0714a",
}
`;

exports[`Excel xuất khách — REGRESSION LOCK (semantic snapshot) > giữ NGUYÊN output: gn-withdate 1`] = `
{
  "gn-withdate": "270e253e7db64b3b",
}
`;

exports[`Excel xuất khách — REGRESSION LOCK (semantic snapshot) > giữ NGUYÊN output: groups 1`] = `
{
  "groups": "12c21e417e7d7cb4",
}
`;

exports[`Excel xuất khách — REGRESSION LOCK (semantic snapshot) > giữ NGUYÊN output: multi-sheet 1`] = `
{
  "multi-sheet": "b281342ca915eaf2",
}
`;

exports[`Excel xuất khách — REGRESSION LOCK (semantic snapshot) > giữ NGUYÊN output: single-noname 1`] = `
{
  "single-noname": "d0d42e1cbb514d61",
}
`;
